// Jest Snapshot v1, https://goo.gl/fbAQLP

exports[`matches snapshot on initial render 1`] = `
<form
  onSubmit={[Function]}
>
  <label
    htmlFor="height"
  >
     Height: 
  </label>
  <input
    id="height"
    name="height"
    onChange={[Function]}
    value=""
  />
  <label
    htmlFor="width"
  >
     Width: 
  </label>
  <input
    id="width"
    name="width"
    onChange={[Function]}
    value=""
  />
  <label
    htmlFor="backgroundColor"
  >
     Background Color: 
  </label>
  <input
    id="backgroundColor"
    name="backgroundColor"
    onChange={[Function]}
    value=""
  />
  <button>
      Add New Box!  
  </button>
</form>
`;
